
> Liro-react-nextjs@0.1.0 build
> next build

   Γû▓ Next.js 15.5.9

   Creating an optimized production build ...
npm :  ΓÜá Compiled with warnings in 11.1s
At line:1 char:35
+ ... pp\htdocs\Liro sites" ; npm run build 2>&1 > build-output.txt; Get-Co ...
+                             ~~~~~~~~~~~~~~~~~~~~~~~~~~~~~~~~~~~~~
    + CategoryInfo          : NotSpecified: ( ΓÜá Compiled with warnings in 11.1s:String) [], Remo 
   teException
    + FullyQualifiedErrorId : NativeCommandError
 

./src/layouts/footers/HomeMainFooter.module.scss
Deprecation Warning on line 99, column 26 of 
file:///C:/xampp/htdocs/Liro%20sites/src/layouts/footers/HomeMainFooter.module.scss:99:26:
Global built-in functions are deprecated and will be removed in Dart Sass 3.0.0.
Use color.adjust instead.

More info and automated migrator: https://sass-lang.com/d/import

99 |         background-color: lighten($text-dark, 15%);

src\layouts\footers\HomeMainFooter.module.scss 100:27  root stylesheet

Import trace for requested module:
./src/layouts/footers/HomeMainFooter.module.scss
./src/layouts/footers/HomeMainFooter.tsx
./src/pages/faq/FaqMain.tsx

./src/layouts/footers/HomeMainFooter.module.scss
Deprecation Warning on line 99, column 26 of 
file:///C:/xampp/htdocs/Liro%20sites/src/layouts/footers/HomeMainFooter.module.scss:99:26:
lighten() is deprecated. Suggestions:

color.scale($color, $lightness: 18.75%)
color.adjust($color, $lightness: 15%)

More info: https://sass-lang.com/d/color-functions

99 |         background-color: lighten($text-dark, 15%);

src\layouts\footers\HomeMainFooter.module.scss 100:27  root stylesheet

Import trace for requested module:
./src/layouts/footers/HomeMainFooter.module.scss
./src/layouts/footers/HomeMainFooter.tsx
./src/pages/faq/FaqMain.tsx

./src/layouts/footers/HomeMainFooter.module.scss
Deprecation Warning on line 99, column 26 of 
file:///C:/xampp/htdocs/Liro%20sites/src/layouts/footers/HomeMainFooter.module.scss:99:26:
Global built-in functions are deprecated and will be removed in Dart Sass 3.0.0.
Use color.adjust instead.

More info and automated migrator: https://sass-lang.com/d/import

99 |         background-color: lighten($text-dark, 15%);

src\layouts\footers\HomeMainFooter.module.scss 100:27  root stylesheet

Import trace for requested module:
./src/layouts/footers/HomeMainFooter.module.scss
./src/layouts/footers/HomeMainFooter.tsx
./src/pages/about/about-creative/AboutCreativeMain.tsx

./src/layouts/footers/HomeMainFooter.module.scss
Deprecation Warning on line 99, column 26 of 
file:///C:/xampp/htdocs/Liro%20sites/src/layouts/footers/HomeMainFooter.module.scss:99:26:
lighten() is deprecated. Suggestions:

color.scale($color, $lightness: 18.75%)
color.adjust($color, $lightness: 15%)

More info: https://sass-lang.com/d/color-functions

99 |         background-color: lighten($text-dark, 15%);

src\layouts\footers\HomeMainFooter.module.scss 100:27  root stylesheet

Import trace for requested module:
./src/layouts/footers/HomeMainFooter.module.scss
./src/layouts/footers/HomeMainFooter.tsx
./src/pages/about/about-creative/AboutCreativeMain.tsx

   Linting and checking validity of types ...
   Collecting page data ...
SyntaxError: Cannot use import statement outside a module
    at 89019 (C:\xampp\htdocs\Liro sites\.next\server\pages\homes\home\HomeMain.js:2:15730)
    at c (C:\xampp\htdocs\Liro sites\.next\server\webpack-runtime.js:1:128)

> Build error occurred
[Error: Failed to collect page data for /homes/home/HomeMain] {
  type: 'Error'
}
